ASxxxx Linker V03.00/V05.40 + sdld,  page 1.
Hexadecimal  [32-Bits]

Area                                    Addr        Size        Decimal Bytes (Attributes)
--------------------------------        ----        ----        ------- ----- ------------
.  .ABS.                            00000000    00000000 =           0. bytes (ABS,CON)

      Value  Global                              Global Defined In Module
      -----  --------------------------------   ------------------------
     00000000  .__.ABS.                           
     00000000  _rRAMG                             
     00000000  l__BASE                         
     00000000  l__BSS                          
     00000000  l__CABS                         
     00000000  l__CODE_0                       
     00000000  l__CRASH_HEADER                 
     00000000  l__CRASH_SCRATCH                
     00000000  l__DABS                         
     00000000  l__HEADER                       
     00000000  l__HEADER_LCD                   
     00000000  l__HEADER_SIO                   
     00000000  l__HEADER_TIMER                 
     00000000  l__HEAP                         
     00000000  l__HEAP_END                     
     00000000  l__HRAM                         
     00000000  l__LIT                          
     00000000  s__CABS                         
     00000000  s__CRASH_HEADER                 
     00000000  s__CRASH_HEADER0                
     00000000  s__CRASH_HEADER1                
     00000000  s__CRASH_SCRATCH                
     00000000  s__CRASH_SCRATCH2               
     00000000  s__DABS                         
     00000000  s__HEADER                       
     00000000  s__HEADER0                      
     00000000  s__HEADER1                      
     00000000  s__HEADER10                     
     00000000  s__HEADER11                     
     00000000  s__HEADER2                      
     00000000  s__HEADER3                      
     00000000  s__HEADER4                      
     00000000  s__HEADER5                      
     00000000  s__HEADER6                      
     00000000  s__HEADER7                      
     00000000  s__HEADER8                      
     00000000  s__HEADER9                      
     00000000  s__HEADER_LCD                   
     00000000  s__HEADER_LCD0                  
     00000000  s__HEADER_SIO                   
     00000000  s__HEADER_SIO0                  
     00000000  s__HEADER_TIMER                 
     00000000  s__HEADER_TIMER0                
     00000000  s__HEADERa                      
     00000000  s__HEADERb                      
     00000000  s__HEADERc                      
     00000000  s__HEADERd                      
     00000000  s__HEADERe                      
     00000000  s__HEADERf                      
     00000000  s__HRAM                         
ASxxxx Linker V03.00/V05.40 + sdld,  page 2.
Hexadecimal  [32-Bits]

Area                                    Addr        Size        Decimal Bytes (Attributes)
--------------------------------        ----        ----        ------- ----- ------------
.  .ABS.                            00000000    00000000 =           0. bytes (ABS,CON)

      Value  Global                              Global Defined In Module
      -----  --------------------------------   ------------------------
     00000000  s__HRAM12                       
     00000001  ___bank_VM_GBPRINTER               vm_gbprinter
     00000001  ___bank_VM_SGB                     vm_sgb
     00000001  ___bank_scene_14_sprites           scene_14_sprites
     00000001  ___bank_script_input_1             script_input_1
     00000001  ___bank_song_introtitle_Data       song_introtitle_Data
     00000001  ___bank_sound_voicelines_shout_w   sound_voicelines_shout_wav
     00000001  ___mute_mask_sound_legacy_0        sound_legacy_0
     00000001  ___mute_mask_sound_legacy_1        sound_legacy_1
     00000001  b_ui_draw_frame                    ui
     00000001  b_ui_draw_text_buffer_char         ui
     00000001  b_ui_init                          ui
     00000001  b_ui_load_tiles                    ui
     00000001  b_ui_run_menu                      ui
     00000001  b_ui_run_modal                     ui
     00000001  b_ui_set_start_tile                ui
     00000001  b_vm_print_detect                  vm_gbprinter
     00000001  b_vm_print_overlay                 vm_gbprinter
     00000001  l__GSFINAL                      
     00000001  l__HEADER0                      
     00000001  l__HEADER5                      
     00000001  l__HEADERa                      
     00000001  l__HEADERb                      
     00000001  l__HEADERc                      
     00000001  l__HEADERe                      
     00000001  l__HEADERf                      
     00000002  ___bank_bg_logo_alt_tileset        bg_logo_alt_tileset
     00000002  ___bank_bg_outro_tileset           bg_outro_tileset
     00000002  ___bank_scene_13_init              scene_13_init
     00000002  ___bank_sound_voicelines_stop_wa   sound_voicelines_stop_wav
     00000002  l__HEADER10                     
     00000002  l__HEADER6                      
     00000002  l__HEADERd                      
     00000003  ___bank_bg_intro0_1_tileset        bg_intro0_1_tileset
     00000003  ___bank_script_11                  script_11
     00000003  ___bank_sound_voicelines_my_name   sound_voicelines_my_name_wa
     00000003  b_platform_init                    platform
     00000003  b_platform_update                  platform
     00000003  l__HEADER9                      
     00000003  l__HEADER_LCD0                  
     00000003  l__HRAM12                       
     00000004  ___bank_ACTOR                      actor
     00000004  ___bank_scene_menu_init            scene_menu_init
     00000004  ___bank_script_init_menu           script_init_menu
     00000004  ___bank_song_bossfight_Data        song_bossfight_Data
     00000004  ___bank_sound_voicelines_it_scar   sound_voicelines_it_scary_w
     00000004  ___mute_mask_sound_voicelines_hi   sound_voicelines_hiyaa_wav
     00000004  ___mute_mask_sound_voicelines_it   sound_voicelines_it_not_sca
     00000004  ___mute_mask_sound_voicelines_it   sound_voicelines_it_scary_w
     00000004  ___mute_mask_sound_voicelines_my   sound_voicelines_my_name_wa
     00000004  ___mute_mask_sound_voicelines_sc   sound_voicelines_scared_wav
ASxxxx Linker V03.00/V05.40 + sdld,  page 3.
Hexadecimal  [32-Bits]

Area                                    Addr        Size        Decimal Bytes (Attributes)
--------------------------------        ----        ----        ------- ----- ------------
.  .ABS.                            00000000    00000000 =           0. bytes (ABS,CON)

      Value  Global                              Global Defined In Module
      -----  --------------------------------   ------------------------
     00000004  ___mute_mask_sound_voicelines_sh   sound_voicelines_shout_wav
     00000004  ___mute_mask_sound_voicelines_st   sound_voicelines_stop_wav
     00000004  b_activate_actor                   actor
     00000004  b_activate_actors_in_col           actor
     00000004  b_activate_actors_in_row           actor
     00000004  b_actor_at_tile                    actor
     00000004  b_actor_get_frame_offset           actor
     00000004  b_actor_in_front_of_player         actor
     00000004  b_actor_overlapping_bb             actor
     00000004  b_actor_overlapping_player         actor
     00000004  b_actor_set_anim_idle              actor
     00000004  b_actor_set_anim_moving            actor
     00000004  b_actor_set_dir                    actor
     00000004  b_actor_set_frame_offset           actor
     00000004  b_actor_set_frames                 actor
     00000004  b_actors_handle_player_collision   actor
     00000004  b_actors_init                      actor
     00000004  b_check_collision_in_direction     actor
     00000004  b_deactivate_actor                 actor
     00000004  b_player_init                      actor
     00000004  l__CRASH_HEADER1                
     00000004  l__HEADER_SIO0                  
     00000004  l__HEADER_TIMER0                
     00000005  ___bank_VM_ACTOR                   vm_actor
     00000005  ___bank_VM_MAIN                    vm
     00000005  ___bank_VM_UI                      vm_ui
     00000005  ___bank_scene_menu_sprites         scene_menu_sprites
     00000005  ___bank_sound_voicelines_it_not_   sound_voicelines_it_not_sca
     00000005  b_SIO_init                         sio
     00000005  b_script_detach_hthread            vm
     00000005  b_script_execute                   vm
     00000005  b_script_runner_init               vm
     00000005  b_script_terminate                 vm
     00000005  b_vm_actor_activate                vm_actor
     00000005  b_vm_actor_begin_update            vm_actor
     00000005  b_vm_actor_deactivate              vm_actor
     00000005  b_vm_actor_emote                   vm_actor
     00000005  b_vm_actor_get_angle               vm_actor
     00000005  b_vm_actor_get_anim_frame          vm_actor
     00000005  b_vm_actor_get_dir                 vm_actor
     00000005  b_vm_actor_get_pos                 vm_actor
     00000005  b_vm_actor_move_cancel             vm_actor
     00000005  b_vm_actor_move_to                 vm_actor
     00000005  b_vm_actor_replace_tile            vm_actor
     00000005  b_vm_actor_set_anim                vm_actor
     00000005  b_vm_actor_set_anim_frame          vm_actor
     00000005  b_vm_actor_set_anim_set            vm_actor
     00000005  b_vm_actor_set_anim_tick           vm_actor
     00000005  b_vm_actor_set_bounds              vm_actor
     00000005  b_vm_actor_set_dir                 vm_actor
     00000005  b_vm_actor_set_flags               vm_actor
ASxxxx Linker V03.00/V05.40 + sdld,  page 4.
Hexadecimal  [32-Bits]

Area                                    Addr        Size        Decimal Bytes (Attributes)
--------------------------------        ----        ----        ------- ----- ------------
.  .ABS.                            00000000    00000000 =           0. bytes (ABS,CON)

      Value  Global                              Global Defined In Module
      -----  --------------------------------   ------------------------
     00000005  b_vm_actor_set_move_speed          vm_actor
     00000005  b_vm_actor_set_pos                 vm_actor
     00000005  b_vm_actor_set_spritesheet         vm_actor
     00000005  b_vm_actor_set_spritesheet_by_re   vm_actor
     00000005  b_vm_actor_terminate_update        vm_actor
     00000005  b_vm_call                          vm
     00000005  b_vm_call_far                      vm
     00000005  b_vm_choice                        vm_ui
     00000005  b_vm_display_text                  vm_ui
     00000005  b_vm_get_indirect                  vm
     00000005  b_vm_get_int16                     vm
     00000005  b_vm_get_int8                      vm
     00000005  b_vm_get_tlocal                    vm
     00000005  b_vm_get_uint8                     vm
     00000005  b_vm_idle                          vm
     00000005  b_vm_if                            vm
     00000005  b_vm_if_const                      vm
     00000005  b_vm_init_rng                      vm
     00000005  b_vm_invoke                        vm
     00000005  b_vm_join                          vm
     00000005  b_vm_jump                          vm
     00000005  b_vm_lock                          vm
     00000005  b_vm_loop                          vm
     00000005  b_vm_memcpy                        vm
     00000005  b_vm_memset                        vm
     00000005  b_vm_overlay_clear                 vm_ui
     00000005  b_vm_overlay_move_to               vm_ui
     00000005  b_vm_overlay_scroll                vm_ui
     00000005  b_vm_overlay_set_map               vm_ui
     00000005  b_vm_overlay_set_scroll            vm_ui
     00000005  b_vm_overlay_set_submap            vm_ui
     00000005  b_vm_overlay_set_submap_ex         vm_ui
     00000005  b_vm_overlay_setpos                vm_ui
     00000005  b_vm_overlay_show                  vm_ui
     00000005  b_vm_overlay_wait                  vm_ui
     00000005  b_vm_poll_loaded                   vm
     00000005  b_vm_pop                           vm
     00000005  b_vm_push                          vm
     00000005  b_vm_push_reference                vm
     00000005  b_vm_push_value                    vm
     00000005  b_vm_push_value_ind                vm
     00000005  b_vm_raise                         vm
     00000005  b_vm_rand                          vm
     00000005  b_vm_reserve                       vm
     00000005  b_vm_ret                           vm
     00000005  b_vm_ret_far                       vm
     00000005  b_vm_set                           vm
     00000005  b_vm_set_const                     vm
     00000005  b_vm_set_const_int16               vm
     00000005  b_vm_set_const_int8                vm
     00000005  b_vm_set_font                      vm_ui
ASxxxx Linker V03.00/V05.40 + sdld,  page 5.
Hexadecimal  [32-Bits]

Area                                    Addr        Size        Decimal Bytes (Attributes)
--------------------------------        ----        ----        ------- ----- ------------
.  .ABS.                            00000000    00000000 =           0. bytes (ABS,CON)

      Value  Global                              Global Defined In Module
      -----  --------------------------------   ------------------------
     00000005  b_vm_set_indirect                  vm
     00000005  b_vm_set_int16                     vm
     00000005  b_vm_set_int8                      vm
     00000005  b_vm_set_text_sound                vm_ui
     00000005  b_vm_set_uint8                     vm
     00000005  b_vm_switch_text_layer             vm_ui
     00000005  b_vm_terminate                     vm
     00000005  b_vm_test_terminate                vm
     00000005  b_vm_unlock                        vm
     00000005  b_wait_frames                      vm
     00000005  l__CRASH_HEADER0                
     00000005  l__HEADER1                      
     00000006  ___bank_font_gbs_mono              font_gbs_mono
     00000006  ___bank_scene_title_screen_sprit   scene_title_screen_sprites
     00000006  ___bank_song_cave_Data             song_cave_Data
     00000006  ___bank_song_house_Data            song_house_Data
     00000006  ___bank_song_song_template_3_Dat   song_song_template_3_Data
     00000006  ___bank_sound_voicelines_scared_   sound_voicelines_scared_wav
     00000006  b_camera_init                      camera
     00000006  b_camera_reset                     camera
     00000006  l__HEADER8                      
     00000007  ___bank_bg_intro1_5_tileset        bg_intro1_5_tileset
     00000007  ___bank_bg_menu_tileset            bg_menu_tileset
     00000007  ___bank_bg_overworld_tileset       bg_overworld_tileset
     00000007  ___bank_bg_room_bat_tileset        bg_room_bat_tileset
     00000007  ___bank_bg_room_boss_tileset       bg_room_boss_tileset
     00000007  ___bank_scene_outside_triggers     scene_outside_triggers
     00000007  ___bank_song_houseboss_Data        song_houseboss_Data
     00000007  l__HEADER2                      
     00000008  ___bank_bg_intro1_3_tileset        bg_intro1_3_tileset
     00000008  ___bank_bg_intro1_6_tileset        bg_intro1_6_tileset
     00000008  ___bank_bg_room_ghost_tileset      bg_room_ghost_tileset
     00000008  ___bank_scene_underground_sprite   scene_underground_sprites
     00000008  ___bank_song_bossdefeat_Data       song_bossdefeat_Data
     00000008  ___bank_song_song_template_0_Dat   song_song_template_0_Data
     00000008  ___bank_song_song_template_Data    song_song_template_Data
     00000008  ___bank_sprite_boss_32_copy        sprite_boss_32_copy
     00000008  ___mute_mask_sound_legacy_2        sound_legacy_2
     00000008  ___mute_mask_sound_legacy_3        sound_legacy_3
     00000008  l__HEADER3                      
     00000009  ___bank_bg_intro1_0_tileset        bg_intro1_0_tileset
     00000009  ___bank_bg_intro1_4_tileset        bg_intro1_4_tileset
     00000009  ___bank_bg_room_doll_tileset       bg_room_doll_tileset
     00000009  ___bank_song_song_template_2_Dat   song_song_template_2_Data
     00000009  ___bank_sound_voicelines_hiyaa_w   sound_voicelines_hiyaa_wav
     00000009  b_do_load_palette                  data_manager
     00000009  b_load_background                  data_manager
     00000009  b_load_bkg_tileset                 data_manager
     00000009  b_load_bounds                      data_manager
     00000009  b_load_emote                       data_manager
     00000009  b_load_init                        data_manager
ASxxxx Linker V03.00/V05.40 + sdld,  page 6.
Hexadecimal  [32-Bits]

Area                                    Addr        Size        Decimal Bytes (Attributes)
--------------------------------        ----        ----        ------- ----- ------------
.  .ABS.                            00000000    00000000 =           0. bytes (ABS,CON)

      Value  Global                              Global Defined In Module
      -----  --------------------------------   ------------------------
     00000009  b_load_player                      data_manager
     00000009  b_load_scene                       data_manager
     00000009  b_load_sprite                      data_manager
     00000009  b_shmup_init                       shmup
     00000009  b_shmup_update                     shmup
     0000000A  ___bank_bg_intro0_0_tileset        bg_intro0_0_tileset
     0000000A  ___bank_bg_overworld_tilemap       bg_overworld_tilemap
     0000000A  ___bank_bg_overworld_tilemap_att   bg_overworld_tilemap_attr
     0000000A  ___bank_bg_room_teddy_tileset      bg_room_teddy_tileset
     0000000A  ___bank_bg_titlescreen_tileset     bg_titlescreen_tileset
     0000000A  ___bank_scene_outside_collisions   scene_outside_collisions
     0000000A  ___bank_sprite_boss_32_tileset     sprite_boss_32_tileset
     0000000A  b_adventure_init                   adventure
     0000000A  b_adventure_update                 adventure
     0000000A  b_remove_LCD_ISRs                  interrupts
     0000000A  b_scroll_init                      scroll
     0000000A  b_scroll_repaint                   scroll
     0000000A  b_scroll_reset                     scroll
     0000000A  b_scroll_update                    scroll
     0000000B  ___bank_VM_GAMEBOY                 vm_gameboy
     0000000B  ___bank_actor_32_update            actor_32_update
     0000000B  ___bank_bg_intro1_1_tileset        bg_intro1_1_tileset
     0000000B  ___bank_bg_intro1_2_tileset        bg_intro1_2_tileset
     0000000B  ___bank_bg_stars_tilemap           bg_stars_tilemap
     0000000B  ___bank_bg_stars_tilemap_attr      bg_stars_tilemap_attr
     0000000B  ___bank_bg_underground_tilemap     bg_underground_tilemap
     0000000B  ___bank_scene_stars_collisions     scene_stars_collisions
     0000000B  ___bank_scene_underground_collis   scene_underground_collisions
     0000000B  b_core_reset                       core
     0000000B  b_core_run                         core
     0000000B  b_data_clear                       load_save
     0000000B  b_data_init                        load_save
     0000000B  b_data_load                        load_save
     0000000B  b_data_peek                        load_save
     0000000B  b_data_save                        load_save
     0000000B  b_gbprinter_detect                 gbprinter
     0000000B  b_gbprinter_print_overlay          gbprinter
     0000000B  b_projectile_launch                projectiles
     0000000B  b_projectiles_init                 projectiles
     0000000B  b_topdown_init                     topdown
     0000000B  b_topdown_update                   topdown
     0000000B  b_trigger_activate_at              trigger
     0000000B  b_trigger_activate_at_intersecti   trigger
     0000000B  b_trigger_at_intersection          trigger
     0000000B  b_trigger_at_tile                  trigger
     0000000B  b_trigger_interact                 trigger
     0000000B  b_trigger_reset                    trigger
     0000000B  b_vm_context_prepare               vm_gameboy
     0000000B  b_vm_fade                          vm_gameboy
     0000000B  b_vm_get_tile_xy                   vm_gameboy
     0000000B  b_vm_input_attach                  vm_gameboy
ASxxxx Linker V03.00/V05.40 + sdld,  page 7.
Hexadecimal  [32-Bits]

Area                                    Addr        Size        Decimal Bytes (Attributes)
--------------------------------        ----        ----        ------- ----- ------------
.  .ABS.                            00000000    00000000 =           0. bytes (ABS,CON)

      Value  Global                              Global Defined In Module
      -----  --------------------------------   ------------------------
     0000000B  b_vm_input_detach                  vm_gameboy
     0000000B  b_vm_input_get                     vm_gameboy
     0000000B  b_vm_input_wait                    vm_gameboy
     0000000B  b_vm_load_tiles                    vm_gameboy
     0000000B  b_vm_load_tileset                  vm_gameboy
     0000000B  b_vm_poll                          vm_gameboy
     0000000B  b_vm_replace_tile                  vm_gameboy
     0000000B  b_vm_replace_tile_xy               vm_gameboy
     0000000B  b_vm_rumble                        vm_gameboy
     0000000B  b_vm_set_sprite_mode               vm_gameboy
     0000000B  b_vm_set_sprites_visible           vm_gameboy
     0000000B  b_vm_timer_prepare                 vm_gameboy
     0000000B  b_vm_timer_reset                   vm_gameboy
     0000000B  b_vm_timer_set                     vm_gameboy
     0000000B  b_vm_timer_stop                    vm_gameboy
     0000000C  ___bank_VM_CAMERA                  vm_camera
     0000000C  ___bank_VM_PALETTE                 vm_palette
     0000000C  ___bank_VM_SIO                     vm_sio
     0000000C  ___bank_avatar_font_0              avatar_font_0
     0000000C  ___bank_bg_intro0_0_tilemap        bg_intro0_0_tilemap
     0000000C  ___bank_bg_intro0_0_tilemap_attr   bg_intro0_0_tilemap_attr
     0000000C  ___bank_bg_intro0_1_tilemap        bg_intro0_1_tilemap
     0000000C  ___bank_bg_intro0_1_tilemap_attr   bg_intro0_1_tilemap_attr
     0000000C  ___bank_bg_pixil_frame_0_tileset   bg_pixil_frame_0_tileset
     0000000C  ___bank_bg_room_bat_tilemap        bg_room_bat_tilemap
     0000000C  ___bank_bg_room_bat_tilemap_attr   bg_room_bat_tilemap_attr
     0000000C  ___bank_bg_room_ghost_tilemap      bg_room_ghost_tilemap
     0000000C  ___bank_bg_room_ghost_tilemap_at   bg_room_ghost_tilemap_attr
     0000000C  ___bank_bg_underground_tileset     bg_underground_tileset
     0000000C  ___bank_scene_10_collisions        scene_10_collisions
     0000000C  ___bank_scene_14_collisions        scene_14_collisions
     0000000C  ___bank_scene_15_collisions        scene_15_collisions
     0000000C  ___bank_script_10                  script_10
     0000000C  ___bank_script_9                   script_9
     0000000C  ___bank_sound_legacy_2             sound_legacy_2
     0000000C  ___bank_sprite_boss_32             sprite_boss_32
     0000000C  ___bank_sprite_player_tileset      sprite_player_tileset
     0000000C  ___bank_sprite_press_start_tiles   sprite_press_start_tileset
     0000000C  ___bank_trigger_15_interact        trigger_15_interact
     0000000C  __start_save                    
     0000000C  b___HandleCrash_banked             
     0000000C  b_atan2                            math_atan2
     0000000C  b_camera_shake_frames              vm_camera
     0000000C  b_fade_applypalettechange          fade_manager
     0000000C  b_fade_in                          fade_manager
     0000000C  b_fade_in_modal                    fade_manager
     0000000C  b_fade_init                        fade_manager
     0000000C  b_fade_out                         fade_manager
     0000000C  b_fade_out_modal                   fade_manager
     0000000C  b_fade_setspeed                    fade_manager
     0000000C  b_fade_update                      fade_manager
ASxxxx Linker V03.00/V05.40 + sdld,  page 8.
Hexadecimal  [32-Bits]

Area                                    Addr        Size        Decimal Bytes (Attributes)
--------------------------------        ----        ----        ------- ----- ------------
.  .ABS.                            00000000    00000000 =           0. bytes (ABS,CON)

      Value  Global                              Global Defined In Module
      -----  --------------------------------   ------------------------
     0000000C  b_pointnclick_init                 pointnclick
     0000000C  b_pointnclick_update               pointnclick
     0000000C  b_set_sgb_border                   sgb_border
     0000000C  b_vm_camera_move_to                vm_camera
     0000000C  b_vm_camera_set_pos                vm_camera
     0000000C  b_vm_load_palette                  vm_palette
     0000000C  b_vm_sio_exchange                  vm_sio
     0000000C  b_vm_sio_set_mode                  vm_sio
     0000000D  ___bank_VM_MATH                    vm_math
     0000000D  ___bank_VM_MUSIC                   vm_music
     0000000D  ___bank_actor_5_interact           actor_5_interact
     0000000D  ___bank_bg_intro1_0_tilemap        bg_intro1_0_tilemap
     0000000D  ___bank_bg_intro1_1_tilemap        bg_intro1_1_tilemap
     0000000D  ___bank_bg_intro1_2_tilemap        bg_intro1_2_tilemap
     0000000D  ___bank_bg_intro1_3_tilemap        bg_intro1_3_tilemap
     0000000D  ___bank_bg_intro1_4_tilemap        bg_intro1_4_tilemap
     0000000D  ___bank_bg_intro1_5_tilemap        bg_intro1_5_tilemap
     0000000D  ___bank_bg_intro1_6_tilemap        bg_intro1_6_tilemap
     0000000D  ___bank_bg_intro1_7_tilemap        bg_intro1_7_tilemap
     0000000D  ___bank_bg_logo_alt_tilemap        bg_logo_alt_tilemap
     0000000D  ___bank_bg_menu_tilemap            bg_menu_tilemap
     0000000D  ___bank_bg_outro_tilemap           bg_outro_tilemap
     0000000D  ___bank_bg_pixil_frame_0_tilemap   bg_pixil_frame_0_tilemap
     0000000D  ___bank_bg_pixil_frame_0_tilemap   bg_pixil_frame_0_tilemap_att
     0000000D  ___bank_bg_room_boss_tilemap       bg_room_boss_tilemap
     0000000D  ___bank_bg_room_doll_tilemap       bg_room_doll_tilemap
     0000000D  ___bank_bg_room_teddy_tilemap      bg_room_teddy_tilemap
     0000000D  ___bank_bg_titlescreen_tilemap     bg_titlescreen_tilemap
     0000000D  ___bank_scene_11_collisions        scene_11_collisions
     0000000D  ___bank_scene_12_collisions        scene_12_collisions
     0000000D  ___bank_scene_12_init              scene_12_init
     0000000D  ___bank_scene_13_collisions        scene_13_collisions
     0000000D  ___bank_scene_14_init              scene_14_init
     0000000D  ___bank_scene_15_init              scene_15_init
     0000000D  ___bank_scene_16_collisions        scene_16_collisions
     0000000D  ___bank_scene_17_collisions        scene_17_collisions
     0000000D  ___bank_scene_18_collisions        scene_18_collisions
     0000000D  ___bank_scene_19_collisions        scene_19_collisions
     0000000D  ___bank_scene_20_collisions        scene_20_collisions
     0000000D  ___bank_scene_20_init              scene_20_init
     0000000D  ___bank_scene_21_collisions        scene_21_collisions
     0000000D  ___bank_scene_22_collisions        scene_22_collisions
     0000000D  ___bank_scene_23_collisions        scene_23_collisions
     0000000D  ___bank_scene_23_init              scene_23_init
     0000000D  ___bank_scene_9_collisions         scene_9_collisions
     0000000D  ___bank_scene_cave_collisions      scene_cave_collisions
     0000000D  ___bank_scene_cave_init            scene_cave_init
     0000000D  ___bank_scene_house_collisions     scene_house_collisions
     0000000D  ___bank_scene_logo_collisions      scene_logo_collisions
     0000000D  ___bank_scene_menu_collisions      scene_menu_collisions
     0000000D  ___bank_scene_outside_actors       scene_outside_actors
ASxxxx Linker V03.00/V05.40 + sdld,  page 9.
Hexadecimal  [32-Bits]

Area                                    Addr        Size        Decimal Bytes (Attributes)
--------------------------------        ----        ----        ------- ----- ------------
.  .ABS.                            00000000    00000000 =           0. bytes (ABS,CON)

      Value  Global                              Global Defined In Module
      -----  --------------------------------   ------------------------
     0000000D  ___bank_scene_stars_actors         scene_stars_actors
     0000000D  ___bank_scene_title_screen_colli   scene_title_screen_collision
     0000000D  ___bank_sprite_boss_32_copy_tile   sprite_boss_32_copy_tileset
     0000000D  ___bank_sprite_player              sprite_player
     0000000D  b_vm_cos_scale                     vm_math
     0000000D  b_vm_music_mute                    vm_music
     0000000D  b_vm_music_play                    vm_music
     0000000D  b_vm_music_routine                 vm_music
     0000000D  b_vm_music_setpos                  vm_music
     0000000D  b_vm_music_stop                    vm_music
     0000000D  b_vm_sfx_play                      vm_music
     0000000D  b_vm_sin_scale                     vm_math
     0000000D  b_vm_sound_mastervol               vm_music
     0000000E  ___bank_VM_LOAD_SAVE               vm_load_save
     0000000E  ___bank_VM_PROJECTILE              vm_projectiles
     0000000E  ___bank_VM_RTC                     vm_rtc
     0000000E  ___bank_VM_SCENE                   vm_scene
     0000000E  ___bank_actor_14_interact          actor_14_interact
     0000000E  ___bank_actor_15_interact          actor_15_interact
     0000000E  ___bank_actor_17_interact          actor_17_interact
     0000000E  ___bank_actor_17_update            actor_17_update
     0000000E  ___bank_actor_18_interact          actor_18_interact
     0000000E  ___bank_actor_19_interact          actor_19_interact
     0000000E  ___bank_actor_1_interact           actor_1_interact
     0000000E  ___bank_actor_21_interact          actor_21_interact
     0000000E  ___bank_actor_22_interact          actor_22_interact
     0000000E  ___bank_actor_23_interact          actor_23_interact
     0000000E  ___bank_actor_24_interact          actor_24_interact
     0000000E  ___bank_actor_25_interact          actor_25_interact
     0000000E  ___bank_actor_26_interact          actor_26_interact
     0000000E  ___bank_actor_2_interact           actor_2_interact
     0000000E  ___bank_actor_30_interact          actor_30_interact
     0000000E  ___bank_actor_32_interact          actor_32_interact
     0000000E  ___bank_actor_3_interact           actor_3_interact
     0000000E  ___bank_actor_4_interact           actor_4_interact
     0000000E  ___bank_actor_6_interact           actor_6_interact
     0000000E  ___bank_bg_intro0_0                bg_intro0_0
     0000000E  ___bank_bg_intro0_1                bg_intro0_1
     0000000E  ___bank_bg_intro1_0                bg_intro1_0
     0000000E  ___bank_bg_intro1_1                bg_intro1_1
     0000000E  ___bank_bg_intro1_2                bg_intro1_2
     0000000E  ___bank_bg_intro1_3                bg_intro1_3
     0000000E  ___bank_bg_intro1_4                bg_intro1_4
     0000000E  ___bank_bg_intro1_5                bg_intro1_5
     0000000E  ___bank_bg_intro1_6                bg_intro1_6
     0000000E  ___bank_bg_intro1_7                bg_intro1_7
     0000000E  ___bank_bg_intro1_7_tileset        bg_intro1_7_tileset
     0000000E  ___bank_bg_logo_alt                bg_logo_alt
     0000000E  ___bank_bg_menu                    bg_menu
     0000000E  ___bank_bg_outro                   bg_outro
     0000000E  ___bank_bg_overworld               bg_overworld
ASxxxx Linker V03.00/V05.40 + sdld,  page 10.
Hexadecimal  [32-Bits]

Area                                    Addr        Size        Decimal Bytes (Attributes)
--------------------------------        ----        ----        ------- ----- ------------
.  .ABS.                            00000000    00000000 =           0. bytes (ABS,CON)

      Value  Global                              Global Defined In Module
      -----  --------------------------------   ------------------------
     0000000E  ___bank_bg_pixil_frame_0           bg_pixil_frame_0
     0000000E  ___bank_bg_room_bat                bg_room_bat
     0000000E  ___bank_bg_room_boss               bg_room_boss
     0000000E  ___bank_bg_room_doll               bg_room_doll
     0000000E  ___bank_bg_room_ghost              bg_room_ghost
     0000000E  ___bank_bg_room_teddy              bg_room_teddy
     0000000E  ___bank_bg_stars                   bg_stars
     0000000E  ___bank_bg_stars_tileset           bg_stars_tileset
     0000000E  ___bank_bg_titlescreen             bg_titlescreen
     0000000E  ___bank_bg_underground             bg_underground
     0000000E  ___bank_bootstrap_script           
     0000000E  ___bank_cursor_image               cursor_image
     0000000E  ___bank_emote_love                 emote_love
     0000000E  ___bank_emote_sweat                emote_sweat
     0000000E  ___bank_frame_image                frame_image
     0000000E  ___bank_palette_0                  palette_0
     0000000E  ___bank_palette_1                  palette_1
     0000000E  ___bank_palette_10                 palette_10
     0000000E  ___bank_palette_2                  palette_2
     0000000E  ___bank_palette_3                  palette_3
     0000000E  ___bank_palette_4                  palette_4
     0000000E  ___bank_palette_5                  palette_5
     0000000E  ___bank_palette_6                  palette_6
     0000000E  ___bank_palette_7                  palette_7
     0000000E  ___bank_palette_8                  palette_8
     0000000E  ___bank_palette_9                  palette_9
     0000000E  ___bank_scene_10                   scene_10
     0000000E  ___bank_scene_10_actors            scene_10_actors
     0000000E  ___bank_scene_10_init              scene_10_init
     0000000E  ___bank_scene_10_sprites           scene_10_sprites
     0000000E  ___bank_scene_10_triggers          scene_10_triggers
     0000000E  ___bank_scene_11                   scene_11
     0000000E  ___bank_scene_11_actors            scene_11_actors
     0000000E  ___bank_scene_11_init              scene_11_init
     0000000E  ___bank_scene_11_sprites           scene_11_sprites
     0000000E  ___bank_scene_11_triggers          scene_11_triggers
     0000000E  ___bank_scene_12                   scene_12
     0000000E  ___bank_scene_12_actors            scene_12_actors
     0000000E  ___bank_scene_12_sprites           scene_12_sprites
     0000000E  ___bank_scene_12_triggers          scene_12_triggers
     0000000E  ___bank_scene_13                   scene_13
     0000000E  ___bank_scene_14                   scene_14
     0000000E  ___bank_scene_14_actors            scene_14_actors
     0000000E  ___bank_scene_15                   scene_15
     0000000E  ___bank_scene_16                   scene_16
     0000000E  ___bank_scene_16_init              scene_16_init
     0000000E  ___bank_scene_17                   scene_17
     0000000E  ___bank_scene_17_init              scene_17_init
     0000000E  ___bank_scene_18                   scene_18
     0000000E  ___bank_scene_18_init              scene_18_init
     0000000E  ___bank_scene_19                   scene_19
ASxxxx Linker V03.00/V05.40 + sdld,  page 11.
Hexadecimal  [32-Bits]

Area                                    Addr        Size        Decimal Bytes (Attributes)
--------------------------------        ----        ----        ------- ----- ------------
.  .ABS.                            00000000    00000000 =           0. bytes (ABS,CON)

      Value  Global                              Global Defined In Module
      -----  --------------------------------   ------------------------
     0000000E  ___bank_scene_19_init              scene_19_init
     0000000E  ___bank_scene_20                   scene_20
     0000000E  ___bank_scene_21                   scene_21
     0000000E  ___bank_scene_21_init              scene_21_init
     0000000E  ___bank_scene_22                   scene_22
     0000000E  ___bank_scene_22_init              scene_22_init
     0000000E  ___bank_scene_23                   scene_23
     0000000E  ___bank_scene_9                    scene_9
     0000000E  ___bank_scene_9_actors             scene_9_actors
     0000000E  ___bank_scene_9_init               scene_9_init
     0000000E  ___bank_scene_9_sprites            scene_9_sprites
     0000000E  ___bank_scene_9_triggers           scene_9_triggers
     0000000E  ___bank_scene_cave                 scene_cave
     0000000E  ___bank_scene_cave_actors          scene_cave_actors
     0000000E  ___bank_scene_cave_sprites         scene_cave_sprites
     0000000E  ___bank_scene_cave_triggers        scene_cave_triggers
     0000000E  ___bank_scene_house                scene_house
     0000000E  ___bank_scene_house_actors         scene_house_actors
     0000000E  ___bank_scene_house_init           scene_house_init
     0000000E  ___bank_scene_house_sprites        scene_house_sprites
     0000000E  ___bank_scene_house_triggers       scene_house_triggers
     0000000E  ___bank_scene_logo                 scene_logo
     0000000E  ___bank_scene_logo_init            scene_logo_init
     0000000E  ___bank_scene_menu                 scene_menu
     0000000E  ___bank_scene_menu_actors          scene_menu_actors
     0000000E  ___bank_scene_outside              scene_outside
     0000000E  ___bank_scene_outside_init         scene_outside_init
     0000000E  ___bank_scene_outside_sprites      scene_outside_sprites
     0000000E  ___bank_scene_stars                scene_stars
     0000000E  ___bank_scene_stars_init           scene_stars_init
     0000000E  ___bank_scene_stars_sprites        scene_stars_sprites
     0000000E  ___bank_scene_title_screen         scene_title_screen
     0000000E  ___bank_scene_title_screen_actor   scene_title_screen_actors
     0000000E  ___bank_scene_title_screen_init    scene_title_screen_init
     0000000E  ___bank_scene_underground          scene_underground
     0000000E  ___bank_scene_underground_actors   scene_underground_actors
     0000000E  ___bank_scene_underground_init     scene_underground_init
     0000000E  ___bank_script_3                   script_3
     0000000E  ___bank_script_8                   script_8
     0000000E  ___bank_script_engine_init         
     0000000E  ___bank_script_input_0             script_input_0
     0000000E  ___bank_sound_legacy_0             sound_legacy_0
     0000000E  ___bank_sound_legacy_1             sound_legacy_1
     0000000E  ___bank_sound_legacy_3             sound_legacy_3
     0000000E  ___bank_sprite_checkbox            sprite_checkbox
     0000000E  ___bank_sprite_checkbox_tileset    sprite_checkbox_tileset
     0000000E  ___bank_sprite_closet              sprite_closet
     0000000E  ___bank_sprite_closet_tileset      sprite_closet_tileset
     0000000E  ___bank_sprite_fire                sprite_fire
     0000000E  ___bank_sprite_fire_tileset        sprite_fire_tileset
     0000000E  ___bank_sprite_intro0_eyes         sprite_intro0_eyes
ASxxxx Linker V03.00/V05.40 + sdld,  page 12.
Hexadecimal  [32-Bits]

Area                                    Addr        Size        Decimal Bytes (Attributes)
--------------------------------        ----        ----        ------- ----- ------------
.  .ABS.                            00000000    00000000 =           0. bytes (ABS,CON)

      Value  Global                              Global Defined In Module
      -----  --------------------------------   ------------------------
     0000000E  ___bank_sprite_intro0_eyes_tiles   sprite_intro0_eyes_tileset
     0000000E  ___bank_sprite_pixil_frame_0       sprite_pixil_frame_0
     0000000E  ___bank_sprite_pixil_frame_0_til   sprite_pixil_frame_0_tileset
     0000000E  ___bank_sprite_pixil_frame_1       sprite_pixil_frame_1
     0000000E  ___bank_sprite_pixil_frame_1_til   sprite_pixil_frame_1_tileset
     0000000E  ___bank_sprite_pixil_frame_2       sprite_pixil_frame_2
     0000000E  ___bank_sprite_pixil_frame_2_til   sprite_pixil_frame_2_tileset
     0000000E  ___bank_sprite_pixil_frame_3       sprite_pixil_frame_3
     0000000E  ___bank_sprite_pixil_frame_3_til   sprite_pixil_frame_3_tileset
     0000000E  ___bank_sprite_press_start         sprite_press_start
     0000000E  ___bank_sprite_signpost            sprite_signpost
     0000000E  ___bank_sprite_signpost_tileset    sprite_signpost_tileset
     0000000E  ___bank_sprite_torch               sprite_torch
     0000000E  ___bank_sprite_torch_tileset       sprite_torch_tileset
     0000000E  ___bank_sprite_whisp_avatar        sprite_whisp_avatar
     0000000E  ___bank_sprite_whisp_avatar_tile   sprite_whisp_avatar_tileset
     0000000E  ___bank_spritesheet_none           spritesheet_none
     0000000E  ___bank_trigger_0_interact         trigger_0_interact
     0000000E  ___bank_trigger_10_interact        trigger_10_interact
     0000000E  ___bank_trigger_11_interact        trigger_11_interact
     0000000E  ___bank_trigger_12_interact        trigger_12_interact
     0000000E  ___bank_trigger_13_interact        trigger_13_interact
     0000000E  ___bank_trigger_14_interact        trigger_14_interact
     0000000E  ___bank_trigger_1_interact         trigger_1_interact
     0000000E  ___bank_trigger_2_interact         trigger_2_interact
     0000000E  ___bank_trigger_3_interact         trigger_3_interact
     0000000E  ___bank_trigger_4_interact         trigger_4_interact
     0000000E  ___bank_trigger_5_interact         trigger_5_interact
     0000000E  ___bank_trigger_6_interact         trigger_6_interact
     0000000E  b_CGBZeroPalette                   palette
     0000000E  b_erase_flash                      
     0000000E  b_events_init                      events
     0000000E  b_input_init                       input
     0000000E  b_itoa_fmt                         vm_ui_a
     0000000E  b_logo_init                        logo
     0000000E  b_logo_update                      logo
     0000000E  b_music_events_poll                music_manager
     0000000E  b_music_init_driver                music_manager
     0000000E  b_music_init_events                music_manager
     0000000E  b_palette_init                     palette
     0000000E  b_parallax_init                    parallax
     0000000E  b_restore_sram                     flasher
     0000000E  b_restore_sram_bank                flasher
     0000000E  b_save_sram                        flasher
     0000000E  b_save_sram_banks                  
     0000000E  b_scroll_rect                      
     0000000E  b_timers_init                      events
     0000000E  b_vm_projectile_launch             vm_projectiles
     0000000E  b_vm_projectile_load_type          vm_projectiles
     0000000E  b_vm_rtc_get                       vm_rtc
     0000000E  b_vm_rtc_latch                     vm_rtc
ASxxxx Linker V03.00/V05.40 + sdld,  page 13.
Hexadecimal  [32-Bits]

Area                                    Addr        Size        Decimal Bytes (Attributes)
--------------------------------        ----        ----        ------- ----- ------------
.  .ABS.                            00000000    00000000 =           0. bytes (ABS,CON)

      Value  Global                              Global Defined In Module
      -----  --------------------------------   ------------------------
     0000000E  b_vm_rtc_set                       vm_rtc
     0000000E  b_vm_rtc_start                     vm_rtc
     0000000E  b_vm_save_clear                    vm_load_save
     0000000E  b_vm_save_peek                     vm_load_save
     0000000E  b_vm_scene_pop                     vm_scene
     0000000E  b_vm_scene_pop_all                 vm_scene
     0000000E  b_vm_scene_push                    vm_scene
     0000000E  b_vm_scene_stack_reset             vm_scene
     0000001A  l__INITIALIZED                  
     0000001A  l__INITIALIZER                  
     00000027  l__GSINIT                       
     00000030  l__HEADER7                      
     00000060  l__HEADER4                      
     000000AB  l__HEADER11                     
     000001CB  l__CRASH_SCRATCH2               
     00000200  s__CODE                         
     00000ECE  l__CODE                         
     000010CE  s__HOME                         
     00001992  l__DATA                         
     00002000  _rROMB0                            
     00002AA6  l__HOME                         
     00003000  _rROMB1                            
     000032F3  l__CODE_14                      
     00003B74  s__BASE                         
     00003B74  s__CODE_0                       
     00003B74  s__INITIALIZER                  
     00003B74  s__LIT                          
     00003B8E  s__GSINIT                       
     00003BB5  s__GSFINAL                      
     00003FFE  l__CODE_10                      
     00003FFE  l__CODE_13                      
     00003FFE  l__CODE_7                       
     00003FFE  l__CODE_9                       
     00003FFF  l__CODE_1                       
     00003FFF  l__CODE_3                       
     00003FFF  l__CODE_6                       
     00004000  _RTC_SELECT_REG                    vm_rtc
     00004000  _rRAMB                             
     00004000  l__CODE_11                      
     00004000  l__CODE_12                      
     00004000  l__CODE_2                       
     00004000  l__CODE_4                       
     00004000  l__CODE_5                       
     00004000  l__CODE_8                       
     00006000  _RTC_LATCH_REG                     vm_rtc
     00008000  __VRAM                             
     00008000  __VRAM8000                         
     00008800  __VRAM8800                         
     00009000  __VRAM9000                         
     00009800  __SCRN0                            
     00009C00  __SCRN1                            
ASxxxx Linker V03.00/V05.40 + sdld,  page 14.
Hexadecimal  [32-Bits]

Area                                    Addr        Size        Decimal Bytes (Attributes)
--------------------------------        ----        ----        ------- ----- ------------
.  .ABS.                            00000000    00000000 =           0. bytes (ABS,CON)

      Value  Global                              Global Defined In Module
      -----  --------------------------------   ------------------------
     0000A000  _RTC_VALUE_REG                     vm_rtc
     0000A000  __SRAM                             
     0000C000  __RAM                              
     0000C000  _shadow_OAM                     
     0000C0A0  s__DATA                         
     0000D000  __RAMBANK                          
     0000DA32  s__BSS                          
     0000DA32  s__INITIALIZED                  
     0000DA4C  s__HEAP                         
     0000DA4C  s__HEAP_END                     
     0000DF00  .STACK                          
     0000DF00  _shadow_OAM2                       absolute
     0000DFA0  _BkgPalette                        absolute
     0000DFE0  _vwf_tile_data                     absolute
     0000FE00  __OAMRAM                           
     0000FF00  _P1_REG                            
     0000FF00  __IO                               
     0000FF01  _SB_REG                            
     0000FF02  _SC_REG                            
     0000FF04  _DIV_REG                           
     0000FF05  _TIMA_REG                          
     0000FF06  _TMA_REG                           
     0000FF07  _TAC_REG                           
     0000FF0F  _IF_REG                            
     0000FF10  _NR10_REG                          
     0000FF11  _NR11_REG                          
     0000FF12  _NR12_REG                          
     0000FF13  _NR13_REG                          
     0000FF14  _NR14_REG                          
     0000FF16  _NR21_REG                          
     0000FF17  _NR22_REG                          
     0000FF18  _NR23_REG                          
     0000FF19  _NR24_REG                          
     0000FF1A  _NR30_REG                          
     0000FF1B  _NR31_REG                          
     0000FF1C  _NR32_REG                          
     0000FF1D  _NR33_REG                          
     0000FF1E  _NR34_REG                          
     0000FF20  _NR41_REG                          
     0000FF21  _NR42_REG                          
     0000FF22  _NR43_REG                          
     0000FF23  _NR44_REG                          
     0000FF24  _NR50_REG                          
     0000FF25  _NR51_REG                          
     0000FF26  _NR52_REG                          
     0000FF30  _AUD3WAVE                          
     0000FF30  _PCM_SAMPLE                        
     0000FF30  __AUD3WAVERAM                      
     0000FF40  _LCDC_REG                          
     0000FF41  _STAT_REG                          
     0000FF42  _SCY_REG                           
ASxxxx Linker V03.00/V05.40 + sdld,  page 15.
Hexadecimal  [32-Bits]

Area                                    Addr        Size        Decimal Bytes (Attributes)
--------------------------------        ----        ----        ------- ----- ------------
.  .ABS.                            00000000    00000000 =           0. bytes (ABS,CON)

      Value  Global                              Global Defined In Module
      -----  --------------------------------   ------------------------
     0000FF43  _SCX_REG                           
     0000FF44  _LY_REG                            
     0000FF45  _LYC_REG                           
     0000FF46  _DMA_REG                           
     0000FF47  _BGP_REG                           
     0000FF48  _OBP0_REG                          
     0000FF49  _OBP1_REG                          
     0000FF4A  _WY_REG                            
     0000FF4B  _WX_REG                            
     0000FF4D  _KEY1_REG                          
     0000FF4F  _VBK_REG                           
     0000FF51  _HDMA1_REG                         
     0000FF52  _HDMA2_REG                         
     0000FF53  _HDMA3_REG                         
     0000FF54  _HDMA4_REG                         
     0000FF55  _HDMA5_REG                         
     0000FF56  _RP_REG                            
     0000FF68  _BCPS_REG                          
     0000FF69  _BCPD_REG                          
     0000FF6A  _OCPS_REG                          
     0000FF6B  _OCPD_REG                          
     0000FF70  _SVBK_REG                          
     0000FF76  _PCM12_REG                         
     0000FF77  _PCM34_REG                         
     0000FF80  .refresh_OAM                    
     0000FF80  __HRAM                             
     0000FFFF  _IE_REG                            
     00014000  s__CODE_1                       
     00024000  s__CODE_2                       
     00034000  s__CODE_3                       
     00044000  s__CODE_4                       
     00054000  s__CODE_5                       
     00064000  s__CODE_6                       
     00074000  s__CODE_7                       
     00084000  s__CODE_8                       
     00094000  s__CODE_9                       
     000A4000  s__CODE_10                      
     000B4000  s__CODE_11                      
     000C4000  s__CODE_12                      
     000D4000  s__CODE_13                      
     000E4000  s__CODE_14                      

ASxxxx Linker V03.00/V05.40 + sdld,  page 16.
Hexadecimal  [32-Bits]

Area                                    Addr        Size        Decimal Bytes (Attributes)
--------------------------------        ----        ----        ------- ----- ------------
_CODE                               00000200    00000ECE =        3790. bytes (REL,CON)

      Value  Global                              Global Defined In Module
      -----  --------------------------------   ------------------------
     00000200  ___HandleCrash                     
     0000020A  _SIO_send_byte                     
     0000021D  _SIO_receive                       
     0000022E  _GetWinAddr                        
     00000236  _GetBkgAddr                        
     00000244  _state_init                        
     00000249  _state_update                      
     0000026B  _ui_time_masks                     
     00000273  _ui_print_shift_char               
     000002F6  _ui_draw_frame_row                 
     000002FF  .ui_draw_frame_row                 
     00000328  _script_cmds                       vm_instructions
     00000560  _save_signature                    game_signature
     00000564  _start_scene_x                     
     00000566  _start_scene_y                     
     00000568  _start_scene_dir                   
     00000569  _start_scene                       
     0000056C  _start_player_move_speed           
     0000056D  _start_player_anim_tick            
     0000056E  _ui_fonts                          
     00000574  _core_reset_hook                   main
     0000057C  _main                              main
     00000584  _state_start_fns                   
     00000596  _state_update_fns                  
     000005A8  _hUGE_init                         hUGEDriver_obj
     000005AA  hUGE_init                          hUGEDriver_obj
     00000600  _hUGE_mute_channel                 hUGEDriver_obj
     00000602  hUGE_mute_channel                  hUGEDriver_obj
     00000850  _hUGE_set_position                 hUGEDriver_obj
     00000852  hUGE_set_position                  hUGEDriver_obj
     00000A17  _hUGE_dosound                      hUGEDriver_obj
     00000A17  hUGE_dosound                       hUGEDriver_obj
     00000D43  _get_vram_byte                     
     00000D4B  _get_win_tile_xy                   
     00000D53  _get_bkg_tile_xy                   
     00000D7A  _set_sprite_palette                CGB
     00000D7F  _set_bkg_palette                   CGB
     00000D82  .set_palette                       CGB
     00000DA1  _set_sprite_palette_entry          CGB
     00000DA6  _set_bkg_palette_entry             CGB
     00000DA9  .set_palette_entry                 CGB
     00000DC5  _hide_sprites_range                Metasprites
     00000DF4  __mulsuchar                        mul
     00000DF7  __muluschar                        mul
     00000E00  __mulschar                         mul
     00000E08  __mulint                           mul
     00000E27  __muluchar                         mul
     00000E39  _set_vram_byte                     
     00000E42  _set_win_tile_xy                   
     00000E4A  _set_bkg_tile_xy                   
ASxxxx Linker V03.00/V05.40 + sdld,  page 17.
Hexadecimal  [32-Bits]

Area                                    Addr        Size        Decimal Bytes (Attributes)
--------------------------------        ----        ----        ------- ----- ------------
_CODE                               00000200    00000ECE =        3790. bytes (REL,CON)

      Value  Global                              Global Defined In Module
      -----  --------------------------------   ------------------------
     00000E74  .sgb_check                         
     00000E74  _sgb_check                         
     00000EBC  _sgb_transfer                      
     00000EC1  .sgb_transfer                      
     00000F02  .copy_vram                         
     00000F08  _get_data                          
     00000F08  _set_data                          
     00000F08  _vmemcpy                           
     00000F56  ___move_metasprite                 Metasprites
     00000F93  ___memcpy                          
     00000F93  _memcpy                            
     00000FC5  _cpu_slow                          CGB
     00000FE0  _cpu_fast                          CGB
     00000FE7  __divsuchar                        divmod
     00000FED  __modsuchar                        divmod
     00000FF6  __divuschar                        divmod
     00000FFF  __moduschar                        divmod
     0000100B  __divschar                         divmod
     00001010  __modschar                         divmod
     00001017  __divsint                          divmod
     00001020  __modsint                          divmod
     0000102C  __divuchar                         divmod
     00001031  __moduchar                         divmod
     00001038  __divuint                          divmod
     00001041  __moduint                          divmod
     0000104D  .div8                              divmod
     0000104D  .mod8                              divmod
     00001055  .div16                             divmod
     00001055  .mod16                             divmod
     0000108B  .divu8                             divmod
     0000108B  .modu8                             divmod
     0000108E  .divu16                            divmod
     0000108E  .modu16                            divmod

ASxxxx Linker V03.00/V05.40 + sdld,  page 18.
Hexadecimal  [32-Bits]

Area                                    Addr        Size        Decimal Bytes (Attributes)
--------------------------------        ----        ----        ------- ----- ------------
_HEADER0                            00000000    00000001 =           1. bytes (ABS,CON)

      Value  Global                              Global Defined In Module
      -----  --------------------------------   ------------------------
     00000020  .call_hl                           Runtime

ASxxxx Linker V03.00/V05.40 + sdld,  page 19.
Hexadecimal  [32-Bits]

Area                                    Addr        Size        Decimal Bytes (Attributes)
--------------------------------        ----        ----        ------- ----- ------------
_HEADER1                            00000000    00000005 =           5. bytes (ABS,CON)

      Value  Global                              Global Defined In Module
      -----  --------------------------------   ------------------------
     00000028  .MemsetSmall                       Runtime

ASxxxx Linker V03.00/V05.40 + sdld,  page 20.
Hexadecimal  [32-Bits]

Area                                    Addr        Size        Decimal Bytes (Attributes)
--------------------------------        ----        ----        ------- ----- ------------
_HEADER2                            00000000    00000007 =           7. bytes (ABS,CON)

      Value  Global                              Global Defined In Module
      -----  --------------------------------   ------------------------
     00000030  .MemcpySmall                       Runtime

ASxxxx Linker V03.00/V05.40 + sdld,  page 21.
Hexadecimal  [32-Bits]

Area                                    Addr        Size        Decimal Bytes (Attributes)
--------------------------------        ----        ----        ------- ----- ------------
_HEADER3                            00000000    00000008 =           8. bytes (ABS,CON)

      Value  Global                              Global Defined In Module
      -----  --------------------------------   ------------------------
ASxxxx Linker V03.00/V05.40 + sdld,  page 22.
Hexadecimal  [32-Bits]

Area                                    Addr        Size        Decimal Bytes (Attributes)
--------------------------------        ----        ----        ------- ----- ------------
_HEADER4                            00000000    00000060 =          96. bytes (ABS,CON)

      Value  Global                              Global Defined In Module
      -----  --------------------------------   ------------------------
     00000080  .int                               Runtime
     0000008F  _wait_int_handler                  Runtime
     0000009C  __standard_VBL_handler             Runtime
     000000AB  _refresh_OAM                       Runtime
     000000CC  _set_interrupts                    Runtime

ASxxxx Linker V03.00/V05.40 + sdld,  page 23.
Hexadecimal  [32-Bits]

Area                                    Addr        Size        Decimal Bytes (Attributes)
--------------------------------        ----        ----        ------- ----- ------------
_HEADER5                            00000000    00000001 =           1. bytes (ABS,CON)

      Value  Global                              Global Defined In Module
      -----  --------------------------------   ------------------------
ASxxxx Linker V03.00/V05.40 + sdld,  page 24.
Hexadecimal  [32-Bits]

Area                                    Addr        Size        Decimal Bytes (Attributes)
--------------------------------        ----        ----        ------- ----- ------------
_HEADER6                            00000000    00000002 =           2. bytes (ABS,CON)

      Value  Global                              Global Defined In Module
      -----  --------------------------------   ------------------------
ASxxxx Linker V03.00/V05.40 + sdld,  page 25.
Hexadecimal  [32-Bits]

Area                                    Addr        Size        Decimal Bytes (Attributes)
--------------------------------        ----        ----        ------- ----- ------------
_HEADER7                            00000000    00000030 =          48. bytes (ABS,CON)

      Value  Global                              Global Defined In Module
      -----  --------------------------------   ------------------------
ASxxxx Linker V03.00/V05.40 + sdld,  page 26.
Hexadecimal  [32-Bits]

Area                                    Addr        Size        Decimal Bytes (Attributes)
--------------------------------        ----        ----        ------- ----- ------------
_HEADER8                            00000000    00000006 =           6. bytes (ABS,CON)

      Value  Global                              Global Defined In Module
      -----  --------------------------------   ------------------------
ASxxxx Linker V03.00/V05.40 + sdld,  page 27.
Hexadecimal  [32-Bits]

Area                                    Addr        Size        Decimal Bytes (Attributes)
--------------------------------        ----        ----        ------- ----- ------------
_HEADER9                            00000000    00000003 =           3. bytes (ABS,CON)

      Value  Global                              Global Defined In Module
      -----  --------------------------------   ------------------------
ASxxxx Linker V03.00/V05.40 + sdld,  page 28.
Hexadecimal  [32-Bits]

Area                                    Addr        Size        Decimal Bytes (Attributes)
--------------------------------        ----        ----        ------- ----- ------------
_HEADERa                            00000000    00000001 =           1. bytes (ABS,CON)

      Value  Global                              Global Defined In Module
      -----  --------------------------------   ------------------------
ASxxxx Linker V03.00/V05.40 + sdld,  page 29.
Hexadecimal  [32-Bits]

Area                                    Addr        Size        Decimal Bytes (Attributes)
--------------------------------        ----        ----        ------- ----- ------------
_HEADERb                            00000000    00000001 =           1. bytes (ABS,CON)

      Value  Global                              Global Defined In Module
      -----  --------------------------------   ------------------------
ASxxxx Linker V03.00/V05.40 + sdld,  page 30.
Hexadecimal  [32-Bits]

Area                                    Addr        Size        Decimal Bytes (Attributes)
--------------------------------        ----        ----        ------- ----- ------------
_HEADERc                            00000000    00000001 =           1. bytes (ABS,CON)

      Value  Global                              Global Defined In Module
      -----  --------------------------------   ------------------------
ASxxxx Linker V03.00/V05.40 + sdld,  page 31.
Hexadecimal  [32-Bits]

Area                                    Addr        Size        Decimal Bytes (Attributes)
--------------------------------        ----        ----        ------- ----- ------------
_HEADERd                            00000000    00000002 =           2. bytes (ABS,CON)

      Value  Global                              Global Defined In Module
      -----  --------------------------------   ------------------------
ASxxxx Linker V03.00/V05.40 + sdld,  page 32.
Hexadecimal  [32-Bits]

Area                                    Addr        Size        Decimal Bytes (Attributes)
--------------------------------        ----        ----        ------- ----- ------------
_HEADERe                            00000000    00000001 =           1. bytes (ABS,CON)

      Value  Global                              Global Defined In Module
      -----  --------------------------------   ------------------------
ASxxxx Linker V03.00/V05.40 + sdld,  page 33.
Hexadecimal  [32-Bits]

Area                                    Addr        Size        Decimal Bytes (Attributes)
--------------------------------        ----        ----        ------- ----- ------------
_HEADERf                            00000000    00000001 =           1. bytes (ABS,CON)

      Value  Global                              Global Defined In Module
      -----  --------------------------------   ------------------------
ASxxxx Linker V03.00/V05.40 + sdld,  page 34.
Hexadecimal  [32-Bits]

Area                                    Addr        Size        Decimal Bytes (Attributes)
--------------------------------        ----        ----        ------- ----- ------------
_HEADER10                           00000000    00000002 =           2. bytes (ABS,CON)

      Value  Global                              Global Defined In Module
      -----  --------------------------------   ------------------------
ASxxxx Linker V03.00/V05.40 + sdld,  page 35.
Hexadecimal  [32-Bits]

Area                                    Addr        Size        Decimal Bytes (Attributes)
--------------------------------        ----        ----        ------- ----- ------------
_HEADER11                           00000000    000000AB =         171. bytes (ABS,CON)

      Value  Global                              Global Defined In Module
      -----  --------------------------------   ------------------------
     00000150  .reset                             Runtime
     00000150  _reset                             Runtime
     00000157  .code_start                        Runtime
     000001B9  _exit                              Runtime
     000001BD  .wait_vbl_done                     Runtime
     000001BD  _vsync                             Runtime
     000001BD  _wait_vbl_done                     Runtime
     000001CD  .remove_VBL                        Runtime
     000001CD  _remove_VBL                        Runtime
     000001D0  .remove_int                        Runtime
     000001ED  .add_VBL                           Runtime
     000001ED  _add_VBL                           Runtime
     000001F0  .add_int                           Runtime

ASxxxx Linker V03.00/V05.40 + sdld,  page 36.
Hexadecimal  [32-Bits]

Area                                    Addr        Size        Decimal Bytes (Attributes)
--------------------------------        ----        ----        ------- ----- ------------
_HOME                               000010CE    00002AA6 =       10918. bytes (REL,CON)

      Value  Global                              Global Defined In Module
      -----  --------------------------------   ------------------------
     000010CE  .memset_simple                     Runtime
     000010D7  .memcpy_simple                     Runtime
     000010F4  .display_off                       Runtime
     000010F4  _display_off                       Runtime
     0000110C  _actors_update                     actor
     0000150B  _SetBankedBkgData                  bankdata
     00001527  _SetBankedSpriteData               bankdata
     00001543  _SetBankedBkgTiles                 bankdata
     0000155F  _SetBankedWinTiles                 bankdata
     0000157B  _ReadBankedFarPtr                  bankdata
     0000159D  _ReadBankedUWORD                   bankdata
     000015B7  _MemcpyBanked                      bankdata
     000015D9  _MemcpyVRAMBanked                  bankdata
     00001608  _IndexOfFarPtr                     bankdata
     0000168D  _camera_update                     camera
     000017C0  _load_animations                   data_manager
     00001819  _events_update                     events
     000018EC  _timers_update                     events
     00001975  _input_update                      input
     00001998  .sio_ISR                           
     000019F2  .timer_ISR                         
     00001A07  _simple_LCD_isr                    interrupts
     00001A86  _fullscreen_LCD_isr                interrupts
     00001AB2  _VBL_isr                           interrupts
     00001AFC  _isqrt                             math
     00001B59  _sine_wave                         math
     00001C59  _dir_lookup                        math
     00001C61  _dir_angle_lookup                  math
     00001C65  _hUGETrackerRoutine                music_manager
     00001C8C  _music_events_update               music_manager
     00001D0E  _music_play_isr                    music_manager
     00001DAF  _parallax_LCD_isr                  parallax
     00001DEC  _projectiles_update                projectiles
     0000226D  _projectiles_render                projectiles
     000023C2  _scroll_load_pending_row           scroll
     00002448  _scroll_load_row                   scroll
     000024BD  _scroll_load_col                   scroll
     00002526  _scroll_load_pending_col           scroll
     000025AE  _set_bkg_submap                    
     000025F1  _set_xy_win_submap                 
     0000261E  .set_xy_win_submap                 
     00002627  .set_xy_bkg_submap                 
     00002636  .set_xy_submap                     
     00002680  _sfx_play_isr                      sfx_player
     00002759  _on_SIO_receive                    sio
     00002798  _SIO_update                        sio
     000027FC  _ui_update                         ui
     00002934  _vm_sgb_transfer                   vm_sgb
     00002981  _vm_load_text                      vm_ui
     00002BD7  _vm_switch                         vm
ASxxxx Linker V03.00/V05.40 + sdld,  page 37.
Hexadecimal  [32-Bits]

Area                                    Addr        Size        Decimal Bytes (Attributes)
--------------------------------        ----        ----        ------- ----- ------------
_HOME                               000010CE    00002AA6 =       10918. bytes (REL,CON)

      Value  Global                              Global Defined In Module
      -----  --------------------------------   ------------------------
     00002D08  _vm_beginthread                    vm
     00002E2C  _vm_rpn                            vm
     00003605  _vm_get_far                        vm
     00003673  _vm_call_native                    vm
     00003686  _VM_STEP                           vm
     000036F0  _script_runner_update              vm
     00003855  _fill_win_rect                     
     00003867  _rand                              
     00003867  _randw                             
     00003892  _initrand                          
     00003894  .initrand                          
     0000389D  _get_bkg_data                      
     0000389D  _get_win_data                      
     000038EA  _get_sprite_data                   
     0000391D  _abs                               abs
     0000392C  _set_win_tiles                     
     00003940  _set_tile_data                     
     00003945  _set_bkg_data                      
     00003945  _set_win_data                      
     0000394D  _set_sprite_data                   
     0000397D  _reverse                           reverse
     000039B1  ___call__banked                    far_ptr
     000039CE  _to_far_ptr                        far_ptr
     00003A04  .add_LCD                           
     00003A04  _add_LCD                           
     00003A0A  .remove_LCD                        
     00003A0A  _remove_LCD                        
     00003A10  .fill_rect_wtt                     
     00003A19  .fill_rect_btt                     
     00003A66  _fill_bkg_rect                     
     00003A78  .padup                             
     00003A78  _waitpadup                         
     00003A88  .jpad                              
     00003A88  _joypad                            
     00003AB0  _waitpad                           
     00003AB1  .wait_pad                          
     00003AB8  ___sdcc_call_hl                    call_hl
     00003AB9  _memset                            memset
     00003AEC  .set_xy_wtt                        SetTileMap
     00003AF5  .set_xy_btt                        SetTileMap
     00003B04  .set_xy_tt                         SetTileMap
     00003B46  ___sdcc_bcall_ehl                  
     00003B60  _set_bkg_tiles                     
ASxxxx Linker V03.00/V05.40 + sdld,  page 38.
Hexadecimal  [32-Bits]

Area                                    Addr        Size        Decimal Bytes (Attributes)
--------------------------------        ----        ----        ------- ----- ------------
_INITIALIZER                        00003B74    0000001A =          26. bytes (REL,CON)

      Value  Global                              Global Defined In Module
      -----  --------------------------------   ------------------------
ASxxxx Linker V03.00/V05.40 + sdld,  page 39.
Hexadecimal  [32-Bits]

Area                                    Addr        Size        Decimal Bytes (Attributes)
--------------------------------        ----        ----        ------- ----- ------------
_GSINIT                             00003B8E    00000027 =          39. bytes (REL,CON)

      Value  Global                              Global Defined In Module
      -----  --------------------------------   ------------------------
     00003B8E  gsinit                             Runtime

ASxxxx Linker V03.00/V05.40 + sdld,  page 40.
Hexadecimal  [32-Bits]

Area                                    Addr        Size        Decimal Bytes (Attributes)
--------------------------------        ----        ----        ------- ----- ------------
_GSFINAL                            00003BB5    00000001 =           1. bytes (REL,CON)

      Value  Global                              Global Defined In Module
      -----  --------------------------------   ------------------------
ASxxxx Linker V03.00/V05.40 + sdld,  page 41.
Hexadecimal  [32-Bits]

Area                                    Addr        Size        Decimal Bytes (Attributes)
--------------------------------        ----        ----        ------- ----- ------------
_DATA                               0000C0A0    00001992 =        6546. bytes (REL,CON)

      Value  Global                              Global Defined In Module
      -----  --------------------------------   ------------------------
     0000C0A0  __cpu                              Runtime
     0000C0A1  __is_GBA                           Runtime
     0000C0A2  .mode                              Runtime
     0000C0A3  .sys_time                          Runtime
     0000C0A3  _sys_time                          Runtime
     0000C0A5  .int_0x40                          Runtime
     0000C0B1  _actors                            actor
     0000C4F5  _actors_active_head                actor
     0000C4F7  _actors_active_tail                actor
     0000C4F9  _actors_inactive_head              actor
     0000C4FB  _screen_x                          actor
     0000C4FC  _screen_y                          actor
     0000C4FD  _invalid                           actor
     0000C4FF  _player_moving                     actor
     0000C500  _player_iframes                    actor
     0000C501  _player_collision_actor            actor
     0000C503  _emote_actor                       actor
     0000C505  _emote_timer                       actor
     0000C506  _allocated_sprite_tiles            actor
     0000C507  _allocated_hardware_sprites        actor
     0000C513  _camera_x                          camera
     0000C515  _camera_y                          camera
     0000C517  _camera_offset_x                   camera
     0000C518  _camera_offset_y                   camera
     0000C519  _camera_deadzone_x                 camera
     0000C51A  _camera_deadzone_y                 camera
     0000C51B  _camera_settings                   camera
     0000C51F  _current_scene                     data_manager
     0000C522  _image_bank                        data_manager
     0000C523  _image_ptr                         data_manager
     0000C525  _image_attr_bank                   data_manager
     0000C526  _image_attr_ptr                    data_manager
     0000C528  _collision_bank                    data_manager
     0000C529  _collision_ptr                     data_manager
     0000C52B  _image_tile_width                  data_manager
     0000C52C  _image_tile_height                 data_manager
     0000C52D  _image_width                       data_manager
     0000C52F  _image_height                      data_manager
     0000C531  _sprites_len                       data_manager
     0000C532  _actors_len                        data_manager
     0000C533  _projectiles_len                   data_manager
     0000C534  _player_sprite_len                 data_manager
     0000C535  _scene_type                        data_manager
     0000C536  _scene_LCD_type                    data_manager
     0000C537  _scene_stack                       data_manager
     0000C577  _scene_stack_ptr                   data_manager
     0000C579  _scene_sprites_base_tiles          data_manager
     0000C5B9  _input_events                      events
     0000C5E1  _input_slots                       events
     0000C5E9  _timer_events                      events
ASxxxx Linker V03.00/V05.40 + sdld,  page 42.
Hexadecimal  [32-Bits]

Area                                    Addr        Size        Decimal Bytes (Attributes)
--------------------------------        ----        ----        ------- ----- ------------
_DATA                               0000C0A0    00001992 =        6546. bytes (REL,CON)

      Value  Global                              Global Defined In Module
      -----  --------------------------------   ------------------------
     0000C5FD  _timer_values                      events
     0000C605  _fade_running                      fade_manager
     0000C606  _fade_frames_per_step              fade_manager
     0000C607  _fade_timer                        fade_manager
     0000C60F  _joypads                           input
     0000C614  _frame_joy                         input
     0000C615  _last_joy                          input
     0000C616  _recent_joy                        input
     0000C617  _SIO_status                        
     0000C618  _link_byte_sent                    
     0000C619  _link_next_mode                    
     0000C61A  _save_blob_size                    load_save
[...]
                                          [ scene_9_actors ]
C:/Users/bogaa/AppData/Local/Temp/_gbsbuild/obj/scene_9_collisions.rel
                                          [ scene_9_collisions ]
C:/Users/bogaa/AppData/Local/Temp/_gbsbuild/obj/scene_9_init.rel
                                          [ scene_9_init ]
C:/Users/bogaa/AppData/Local/Temp/_gbsbuild/obj/scene_9_sprites.rel
                                          [ scene_9_sprites ]
C:/Users/bogaa/AppData/Local/Temp/_gbsbuild/obj/scene_9_triggers.rel
                                          [ scene_9_triggers ]
C:/Users/bogaa/AppData/Local/Temp/_gbsbuild/obj/scene_9.rel
                                          [ scene_9 ]
C:/Users/bogaa/AppData/Local/Temp/_gbsbuild/obj/scene_cave_actors.rel
                                          [ scene_cave_actors ]
C:/Users/bogaa/AppData/Local/Temp/_gbsbuild/obj/scene_cave_collisions.rel
                                          [ scene_cave_collisions ]
C:/Users/bogaa/AppData/Local/Temp/_gbsbuild/obj/scene_cave_init.rel
                                          [ scene_cave_init ]
C:/Users/bogaa/AppData/Local/Temp/_gbsbuild/obj/scene_cave_sprites.rel
                                          [ scene_cave_sprites ]
C:/Users/bogaa/AppData/Local/Temp/_gbsbuild/obj/scene_cave_triggers.rel
                                          [ scene_cave_triggers ]
C:/Users/bogaa/AppData/Local/Temp/_gbsbuild/obj/scene_cave.rel
                                          [ scene_cave ]
C:/Users/bogaa/AppData/Local/Temp/_gbsbuild/obj/scene_house_actors.rel
                                          [ scene_house_actors ]
C:/Users/bogaa/AppData/Local/Temp/_gbsbuild/obj/scene_house_collisions.rel
                                          [ scene_house_collisions ]
C:/Users/bogaa/AppData/Local/Temp/_gbsbuild/obj/scene_house_init.rel
                                          [ scene_house_init ]
C:/Users/bogaa/AppData/Local/Temp/_gbsbuild/obj/scene_house_sprites.rel
                                          [ scene_house_sprites ]
C:/Users/bogaa/AppData/Local/Temp/_gbsbuild/obj/scene_house_triggers.rel
                                          [ scene_house_triggers ]
C:/Users/bogaa/AppData/Local/Temp/_gbsbuild/obj/scene_house.rel
                                          [ scene_house ]
C:/Users/bogaa/AppData/Local/Temp/_gbsbuild/obj/scene_logo_collisions.rel
                                          [ scene_logo_collisions ]
C:/Users/bogaa/AppData/Local/Temp/_gbsbuild/obj/scene_logo_init.rel
                                          [ scene_logo_init ]
C:/Users/bogaa/AppData/Local/Temp/_gbsbuild/obj/scene_logo.rel
                                          [ scene_logo ]
C:/Users/bogaa/AppData/Local/Temp/_gbsbuild/obj/scene_menu_actors.rel
                                          [ scene_menu_actors ]
C:/Users/bogaa/AppData/Local/Temp/_gbsbuild/obj/scene_menu_collisions.rel
                                          [ scene_menu_collisions ]
C:/Users/bogaa/AppData/Local/Temp/_gbsbuild/obj/scene_menu_init.rel
                                          [ scene_menu_init ]
C:/Users/bogaa/AppData/Local/Temp/_gbsbuild/obj/scene_menu_sprites.rel
                                          [ scene_menu_sprites ]
C:/Users/bogaa/AppData/Local/Temp/_gbsbuild/obj/scene_menu.rel
                                          [ scene_menu ]
C:/Users/bogaa/AppData/Local/Temp/_gbsbuild/obj/scene_outside_actors.rel
                                          [ scene_outside_actors ]
C:/Users/bogaa/AppData/Local/Temp/_gbsbuild/obj/scene_outside_collisions.rel
                                          [ scene_outside_collisions ]
C:/Users/bogaa/AppData/Local/Temp/_gbsbuild/obj/scene_outside_init.rel
                                          [ scene_outside_init ]
C:/Users/bogaa/AppData/Local/Temp/_gbsbuild/obj/scene_outside_sprites.rel
                                          [ scene_outside_sprites ]
C:/Users/bogaa/AppData/Local/Temp/_gbsbuild/obj/scene_outside_triggers.rel
                                          [ scene_outside_triggers ]
C:/Users/bogaa/AppData/Local/Temp/_gbsbuild/obj/scene_outside.rel
                                          [ scene_outside ]
C:/Users/bogaa/AppData/Local/Temp/_gbsbuild/obj/scene_stars_actors.rel
                                          [ scene_stars_actors ]
C:/Users/bogaa/AppData/Local/Temp/_gbsbuild/obj/scene_stars_collisions.rel
                                          [ scene_stars_collisions ]
C:/Users/bogaa/AppData/Local/Temp/_gbsbuild/obj/scene_stars_init.rel
                                          [ scene_stars_init ]
C:/Users/bogaa/AppData/Local/Temp/_gbsbuild/obj/scene_stars_sprites.rel
                                          [ scene_stars_sprites ]
C:/Users/bogaa/AppData/Local/Temp/_gbsbuild/obj/scene_stars.rel
                                          [ scene_stars ]
C:/Users/bogaa/AppData/Local/Temp/_gbsbuild/obj/scene_title_screen_actors.rel
                                          [ scene_title_screen_actors ]
C:/Users/bogaa/AppData/Local/Temp/_gbsbuild/obj/scene_title_screen_collisions.rel
                                          [ scene_title_screen_collisions ]
C:/Users/bogaa/AppData/Local/Temp/_gbsbuild/obj/scene_title_screen_init.rel
                                          [ scene_title_screen_init ]
C:/Users/bogaa/AppData/Local/Temp/_gbsbuild/obj/scene_title_screen_sprites.rel
                                          [ scene_title_screen_sprites ]
C:/Users/bogaa/AppData/Local/Temp/_gbsbuild/obj/scene_title_screen.rel
                                          [ scene_title_screen ]
C:/Users/bogaa/AppData/Local/Temp/_gbsbuild/obj/scene_underground_actors.rel
                                          [ scene_underground_actors ]
C:/Users/bogaa/AppData/Local/Temp/_gbsbuild/obj/scene_underground_collisions.rel
                                          [ scene_underground_collisions ]
C:/Users/bogaa/AppData/Local/Temp/_gbsbuild/obj/scene_underground_init.rel
                                          [ scene_underground_init ]
C:/Users/bogaa/AppData/Local/Temp/_gbsbuild/obj/scene_underground_sprites.rel
                                          [ scene_underground_sprites ]
C:/Users/bogaa/AppData/Local/Temp/_gbsbuild/obj/scene_underground.rel
                                          [ scene_underground ]
C:/Users/bogaa/AppData/Local/Temp/_gbsbuild/obj/script_10.rel
                                          [ script_10 ]
C:/Users/bogaa/AppData/Local/Temp/_gbsbuild/obj/script_11.rel
                                          [ script_11 ]
C:/Users/bogaa/AppData/Local/Temp/_gbsbuild/obj/script_3.rel
                                          [ script_3 ]
C:/Users/bogaa/AppData/Local/Temp/_gbsbuild/obj/script_8.rel
                                          [ script_8 ]
C:/Users/bogaa/AppData/Local/Temp/_gbsbuild/obj/script_9.rel
                                          [ script_9 ]
C:/Users/bogaa/AppData/Local/Temp/_gbsbuild/obj/script_engine_init.rel
                                          [  ]
C:/Users/bogaa/AppData/Local/Temp/_gbsbuild/obj/script_init_menu.rel
                                          [ script_init_menu ]
C:/Users/bogaa/AppData/Local/Temp/_gbsbuild/obj/script_input_0.rel
                                          [ script_input_0 ]
C:/Users/bogaa/AppData/Local/Temp/_gbsbuild/obj/script_input_1.rel
                                          [ script_input_1 ]
C:/Users/bogaa/AppData/Local/Temp/_gbsbuild/obj/sound_legacy_0.rel
                                          [ sound_legacy_0 ]
C:/Users/bogaa/AppData/Local/Temp/_gbsbuild/obj/sound_legacy_1.rel
                                          [ sound_legacy_1 ]
C:/Users/bogaa/AppData/Local/Temp/_gbsbuild/obj/sound_legacy_2.rel
                                          [ sound_legacy_2 ]
C:/Users/bogaa/AppData/Local/Temp/_gbsbuild/obj/sound_legacy_3.rel
                                          [ sound_legacy_3 ]
C:/Users/bogaa/AppData/Local/Temp/_gbsbuild/obj/sound_voicelines_hiyaa_wav.rel
                                          [ sound_voicelines_hiyaa_wav ]
C:/Users/bogaa/AppData/Local/Temp/_gbsbuild/obj/sound_voicelines_it_not_sca.rel
                                          [ sound_voicelines_it_not_sca ]
C:/Users/bogaa/AppData/Local/Temp/_gbsbuild/obj/sound_voicelines_it_scary_w.rel
                                          [ sound_voicelines_it_scary_w ]
C:/Users/bogaa/AppData/Local/Temp/_gbsbuild/obj/sound_voicelines_my_name_wa.rel
                                          [ sound_voicelines_my_name_wa ]
C:/Users/bogaa/AppData/Local/Temp/_gbsbuild/obj/sound_voicelines_scared_wav.rel
                                          [ sound_voicelines_scared_wav ]
C:/Users/bogaa/AppData/Local/Temp/_gbsbuild/obj/sound_voicelines_shout_wav.rel
                                          [ sound_voicelines_shout_wav ]
C:/Users/bogaa/AppData/Local/Temp/_gbsbuild/obj/sound_voicelines_stop_wav.rel
                                          [ sound_voicelines_stop_wav ]
C:/Users/bogaa/AppData/Local/Temp/_gbsbuild/obj/sprite_boss_32_copy_tileset.rel
                                          [ sprite_boss_32_copy_tileset ]
C:/Users/bogaa/AppData/Local/Temp/_gbsbuild/obj/sprite_boss_32_copy.rel
                                          [ sprite_boss_32_copy ]
C:/Users/bogaa/AppData/Local/Temp/_gbsbuild/obj/sprite_boss_32_tileset.rel
                                          [ sprite_boss_32_tileset ]
C:/Users/bogaa/AppData/Local/Temp/_gbsbuild/obj/sprite_boss_32.rel
                                          [ sprite_boss_32 ]
C:/Users/bogaa/AppData/Local/Temp/_gbsbuild/obj/sprite_checkbox_tileset.rel
                                          [ sprite_checkbox_tileset ]
C:/Users/bogaa/AppData/Local/Temp/_gbsbuild/obj/sprite_checkbox.rel
                                          [ sprite_checkbox ]
C:/Users/bogaa/AppData/Local/Temp/_gbsbuild/obj/sprite_closet_tileset.rel
                                          [ sprite_closet_tileset ]
C:/Users/bogaa/AppData/Local/Temp/_gbsbuild/obj/sprite_closet.rel
                                          [ sprite_closet ]
C:/Users/bogaa/AppData/Local/Temp/_gbsbuild/obj/sprite_fire_tileset.rel
                                          [ sprite_fire_tileset ]
C:/Users/bogaa/AppData/Local/Temp/_gbsbuild/obj/sprite_fire.rel
                                          [ sprite_fire ]
C:/Users/bogaa/AppData/Local/Temp/_gbsbuild/obj/sprite_intro0_eyes_tileset.rel
                                          [ sprite_intro0_eyes_tileset ]
C:/Users/bogaa/AppData/Local/Temp/_gbsbuild/obj/sprite_intro0_eyes.rel
                                          [ sprite_intro0_eyes ]
C:/Users/bogaa/AppData/Local/Temp/_gbsbuild/obj/sprite_pixil_frame_0_tileset.rel
                                          [ sprite_pixil_frame_0_tileset ]
C:/Users/bogaa/AppData/Local/Temp/_gbsbuild/obj/sprite_pixil_frame_0.rel
                                          [ sprite_pixil_frame_0 ]
C:/Users/bogaa/AppData/Local/Temp/_gbsbuild/obj/sprite_pixil_frame_1_tileset.rel
                                          [ sprite_pixil_frame_1_tileset ]
C:/Users/bogaa/AppData/Local/Temp/_gbsbuild/obj/sprite_pixil_frame_1.rel
                                          [ sprite_pixil_frame_1 ]
C:/Users/bogaa/AppData/Local/Temp/_gbsbuild/obj/sprite_pixil_frame_2_tileset.rel
                                          [ sprite_pixil_frame_2_tileset ]
C:/Users/bogaa/AppData/Local/Temp/_gbsbuild/obj/sprite_pixil_frame_2.rel
                                          [ sprite_pixil_frame_2 ]
C:/Users/bogaa/AppData/Local/Temp/_gbsbuild/obj/sprite_pixil_frame_3_tileset.rel
                                          [ sprite_pixil_frame_3_tileset ]
C:/Users/bogaa/AppData/Local/Temp/_gbsbuild/obj/sprite_pixil_frame_3.rel
                                          [ sprite_pixil_frame_3 ]
C:/Users/bogaa/AppData/Local/Temp/_gbsbuild/obj/sprite_player_tileset.rel
                                          [ sprite_player_tileset ]
C:/Users/bogaa/AppData/Local/Temp/_gbsbuild/obj/sprite_player.rel
                                          [ sprite_player ]
C:/Users/bogaa/AppData/Local/Temp/_gbsbuild/obj/sprite_press_start_tileset.rel
                                          [ sprite_press_start_tileset ]
C:/Users/bogaa/AppData/Local/Temp/_gbsbuild/obj/sprite_press_start.rel
                                          [ sprite_press_start ]
C:/Users/bogaa/AppData/Local/Temp/_gbsbuild/obj/sprite_signpost_tileset.rel
                                          [ sprite_signpost_tileset ]
C:/Users/bogaa/AppData/Local/Temp/_gbsbuild/obj/sprite_signpost.rel
                                          [ sprite_signpost ]
C:/Users/bogaa/AppData/Local/Temp/_gbsbuild/obj/sprite_torch_tileset.rel
                                          [ sprite_torch_tileset ]
C:/Users/bogaa/AppData/Local/Temp/_gbsbuild/obj/sprite_torch.rel
                                          [ sprite_torch ]
C:/Users/bogaa/AppData/Local/Temp/_gbsbuild/obj/sprite_whisp_avatar_tileset.rel
                                          [ sprite_whisp_avatar_tileset ]
C:/Users/bogaa/AppData/Local/Temp/_gbsbuild/obj/sprite_whisp_avatar.rel
                                          [ sprite_whisp_avatar ]
C:/Users/bogaa/AppData/Local/Temp/_gbsbuild/obj/spritesheet_none.rel
                                          [ spritesheet_none ]
C:/Users/bogaa/AppData/Local/Temp/_gbsbuild/obj/trigger_0_interact.rel
                                          [ trigger_0_interact ]
C:/Users/bogaa/AppData/Local/Temp/_gbsbuild/obj/trigger_1_interact.rel
                                          [ trigger_1_interact ]
C:/Users/bogaa/AppData/Local/Temp/_gbsbuild/obj/trigger_10_interact.rel
                                          [ trigger_10_interact ]
C:/Users/bogaa/AppData/Local/Temp/_gbsbuild/obj/trigger_11_interact.rel
                                          [ trigger_11_interact ]
C:/Users/bogaa/AppData/Local/Temp/_gbsbuild/obj/trigger_12_interact.rel
                                          [ trigger_12_interact ]
C:/Users/bogaa/AppData/Local/Temp/_gbsbuild/obj/trigger_13_interact.rel
                                          [ trigger_13_interact ]
C:/Users/bogaa/AppData/Local/Temp/_gbsbuild/obj/trigger_14_interact.rel
                                          [ trigger_14_interact ]
C:/Users/bogaa/AppData/Local/Temp/_gbsbuild/obj/trigger_15_interact.rel
                                          [ trigger_15_interact ]
C:/Users/bogaa/AppData/Local/Temp/_gbsbuild/obj/trigger_2_interact.rel
                                          [ trigger_2_interact ]
C:/Users/bogaa/AppData/Local/Temp/_gbsbuild/obj/trigger_3_interact.rel
                                          [ trigger_3_interact ]
C:/Users/bogaa/AppData/Local/Temp/_gbsbuild/obj/trigger_4_interact.rel
                                          [ trigger_4_interact ]
C:/Users/bogaa/AppData/Local/Temp/_gbsbuild/obj/trigger_5_interact.rel
                                          [ trigger_5_interact ]
C:/Users/bogaa/AppData/Local/Temp/_gbsbuild/obj/trigger_6_interact.rel
                                          [ trigger_6_interact ]
C:/Users/bogaa/AppData/Local/Temp/_gbsbuild/obj/main.rel
                                          [ main ]
C:/Users/bogaa/AppData/Local/Temp/_gbsbuild/obj/adventure.rel
                                          [ adventure ]
C:/Users/bogaa/AppData/Local/Temp/_gbsbuild/obj/logo.rel
                                          [ logo ]
C:/Users/bogaa/AppData/Local/Temp/_gbsbuild/obj/platform.rel
                                          [ platform ]
C:/Users/bogaa/AppData/Local/Temp/_gbsbuild/obj/pointnclick.rel
                                          [ pointnclick ]
C:/Users/bogaa/AppData/Local/Temp/_gbsbuild/obj/shmup.rel
                                          [ shmup ]
C:/Users/bogaa/AppData/Local/Temp/_gbsbuild/obj/states_ptrs.rel
                                          [  ]
C:/Users/bogaa/AppData/Local/Temp/_gbsbuild/obj/topdown.rel
                                          [ topdown ]


Libraries Linked                          [ object file ]

C:\Users\bogaa\AppData\Local\Temp/_gbstools/gbdk/lib/gb/gb.lib
                                          [ fill_rect_wi.o ]
C:\Users\bogaa\AppData\Local\Temp/_gbstools/gbdk/lib/sm83/sm83.lib
                                          [ rand.o ]
lib/hUGEDriver.lib                        [ hUGEDriver.o ]
C:\Users\bogaa\AppData\Local\Temp/_gbstools/gbdk/lib/gb/gb.lib
                                          [ sfr.o ]
C:\Users\bogaa\AppData\Local\Temp/_gbstools/gbdk/lib/gb/gb.lib
                                          [ get_data.o ]
C:\Users\bogaa\AppData\Local\Temp/_gbstools/gbdk/lib/gb/gb.lib
                                          [ get_tile.o ]
C:\Users\bogaa\AppData\Local\Temp/_gbstools/gbdk/lib/gb/gb.lib
                                          [ cgb_palettes.o ]
C:\Users\bogaa\AppData\Local\Temp/_gbstools/gbdk/lib/gb/gb.lib
                                          [ metasprites_hide_spr.o ]
C:\Users\bogaa\AppData\Local\Temp/_gbstools/gbdk/lib/sm83/sm83.lib
                                          [ mul.o ]
C:\Users\bogaa\AppData\Local\Temp/_gbstools/gbdk/lib/gb/gb.lib
                                          [ set_tile.o ]
C:\Users\bogaa\AppData\Local\Temp/_gbstools/gbdk/lib/sm83/sm83.lib
                                          [ abs.o ]
C:\Users\bogaa\AppData\Local\Temp/_gbstools/gbdk/lib/gb/gb.lib
                                          [ set_wi_t.o ]
C:\Users\bogaa\AppData\Local\Temp/_gbstools/gbdk/lib/gb/gb.lib
                                          [ set_data.o ]
C:\Users\bogaa\AppData\Local\Temp/_gbstools/gbdk/lib/sm83/sm83.lib
                                          [ reverse.o ]
C:\Users\bogaa\AppData\Local\Temp/_gbstools/gbdk/lib/gb/gb.lib
                                          [ far_ptr.o ]
C:\Users\bogaa\AppData\Local\Temp/_gbstools/gbdk/lib/gb/gb.lib
                                          [ sgb.o ]
C:\Users\bogaa\AppData\Local\Temp/_gbstools/gbdk/lib/gb/gb.lib
                                          [ lcd.o ]
C:\Users\bogaa\AppData\Local\Temp/_gbstools/gbdk/lib/gb/gb.lib
                                          [ fill_rect.o ]
C:\Users\bogaa\AppData\Local\Temp/_gbstools/gbdk/lib/gb/gb.lib
                                          [ cpy_data.o ]
C:\Users\bogaa\AppData\Local\Temp/_gbstools/gbdk/lib/gb/gb.lib
                                          [ fill_rect_bk.o ]
C:\Users\bogaa\AppData\Local\Temp/_gbstools/gbdk/lib/gb/gb.lib
                                          [ pad.o ]
C:\Users\bogaa\AppData\Local\Temp/_gbstools/gbdk/lib/gb/gb.lib
                                          [ metasprites.o ]
C:\Users\bogaa\AppData\Local\Temp/_gbstools/gbdk/lib/sm83/sm83.lib
                                          [ __sdcc_call_hl.o ]
C:\Users\bogaa\AppData\Local\Temp/_gbstools/gbdk/lib/sm83/sm83.lib
                                          [ memcpy.o ]
C:\Users\bogaa\AppData\Local\Temp/_gbstools/gbdk/lib/sm83/sm83.lib
                                          [ _memset.o ]
C:\Users\bogaa\AppData\Local\Temp/_gbstools/gbdk/lib/gb/gb.lib
                                          [ set_xy_t.o ]
C:\Users\bogaa\AppData\Local\Temp/_gbstools/gbdk/lib/gb/gb.lib
                                          [ ___sdcc_bcall_ehl.o ]
C:\Users\bogaa\AppData\Local\Temp/_gbstools/gbdk/lib/gb/gb.lib
                                          [ cgb.o ]
C:\Users\bogaa\AppData\Local\Temp/_gbstools/gbdk/lib/sm83/sm83.lib
                                          [ div.o ]
C:\Users\bogaa\AppData\Local\Temp/_gbstools/gbdk/lib/gb/gb.lib
                                          [ set_bk_t.o ]

ASxxxx Linker V03.00/V05.40 + sdld,  page 80.

User Base Address Definitions

_DATA=0xC0A0
_CODE=0x0200
ASxxxx Linker V03.00/V05.40 + sdld,  page 81.

User Global Definitions

.STACK=0xDF00
_shadow_OAM=0xC000
.refresh_OAM=0xFF80
__start_save=12

